// Jest Snapshot v1, https://goo.gl/fbAQLP

exports[`Slim Footer Component should render properly 1`] = `
<footer
  class="SlimFooter"
>
  copyright 2022
</footer>
`;
