// Jest Snapshot v1, https://goo.gl/fbAQLP

exports[`Navigation Component should render properly 1`] = `
<nav
  class="navigation"
/>
`;
