// Jest Snapshot v1, https://goo.gl/fbAQLP

exports[`List Item Component should render properly 1`] = `
<li
  class="ListItem"
  data-current="Test"
/>
`;
