// Jest Snapshot v1, https://goo.gl/fbAQLP

exports[`List Component should render properly 1`] = `
<div
  class="list"
>
  List Works!
</div>
`;
