// Jest Snapshot v1, https://goo.gl/fbAQLP

exports[`List Item Component should render properly 1`] = `
<div
  class="ListItem"
>
  <span
    style="box-sizing: border-box; display: block; overflow: hidden; background: none; opacity: 1; border: 0px; margin: 0px; padding: 0px; position: absolute; top: 0px; left: 0px; bottom: 0px; right: 0px;"
  >
    <img
      alt="Test Title"
      class="ListItem-image"
      data-nimg="fill"
      decoding="async"
      src="data:image/gif;base64,R0lGODlhAQABAIAAAAAAAP///yH5BAEAAAAALAAAAAABAAEAAAIBRAA7"
      style="position: absolute; top: 0px; left: 0px; bottom: 0px; right: 0px; box-sizing: border-box; padding: 0px; margin: auto; display: block; width: 0px; height: 0px; min-width: 100%; max-width: 100%; min-height: 100%; max-height: 100%; object-fit: cover;"
    />
    <noscript />
  </span>
  <div
    class="ListItem-container"
  >
    <div
      class="ListItem-category"
    >
      Habbo
    </div>
    <div
      class="ListItem-date"
    >
      Donnerstag 01 Januar
    </div>
  </div>
  <div
    class="ListItem-title"
  >
    Test Title
  </div>
  <div
    class="ListItem-description"
  >
    Test Description
  </div>
</div>
`;
