// Jest Snapshot v1, https://goo.gl/fbAQLP

exports[`Auto External Link Component should render properly 1`] = `null`;
