// Jest Snapshot v1, https://goo.gl/fbAQLP

exports[`Test Component should render properly 1`] = `
<div
  class="test"
>
  <button
    class="bg-red-400 font-bold text-white px-6 py-2"
  >
    Test
  </button>
</div>
`;
