// Jest Snapshot v1, https://goo.gl/fbAQLP

exports[`Button Component should render properly 1`] = `
<button
  class="Button Button--default Button--left"
  type="submit"
/>
`;
