// Jest Snapshot v1, https://goo.gl/fbAQLP

exports[`Why Us Component should render properly 1`] = `
<section
  class="WhyUs u-grid"
>
  <h1
    class="WhyUs-headline title"
  >
    test
  </h1>
  <p
    class="WhyUs-description"
  >
    test
  </p>
  <div
    class="WhyUs-tabs"
  >
    <div
      class="react-tabs"
      data-rttabs="true"
    >
      <ul
        class="react-tabs__tab-list"
        role="tablist"
      >
        <li
          aria-controls="panel:r0:0"
          aria-disabled="false"
          aria-selected="false"
          class="react-tabs__tab"
          data-rttab="true"
          id="tab:r0:0"
          role="tab"
        >
          Sneaks
        </li>
        <li
          aria-controls="panel:r0:1"
          aria-disabled="false"
          aria-selected="true"
          class="react-tabs__tab react-tabs__tab--selected"
          data-rttab="true"
          id="tab:r0:1"
          role="tab"
          tabindex="0"
        >
          Team
        </li>
        <li
          aria-controls="panel:r0:2"
          aria-disabled="false"
          aria-selected="false"
          class="react-tabs__tab"
          data-rttab="true"
          id="tab:r0:2"
          role="tab"
        >
          Updates
        </li>
      </ul>
      <div
        aria-labelledby="tab:r0:0"
        class="react-tabs__tab-panel"
        id="panel:r0:0"
        role="tabpanel"
      />
      <div
        aria-labelledby="tab:r0:1"
        class="react-tabs__tab-panel react-tabs__tab-panel--selected"
        id="panel:r0:1"
        role="tabpanel"
      />
      <div
        aria-labelledby="tab:r0:2"
        class="react-tabs__tab-panel"
        id="panel:r0:2"
        role="tabpanel"
      />
    </div>
  </div>
</section>
`;
